
> nuriya-store@0.1.0 build
> next build

▲ Next.js 16.4.0 (Turbopack)
✓ Running next.config.ts took 28ms
⚠ No build cache found. Please configure build caching for faster rebuilds. Read more: https://nextjs.org/docs/messages/no-cache
Attention: Next.js now collects completely anonymous telemetry regarding usage.
This information is used to shape Next.js' roadmap and prioritize features.
You can learn more, including how to opt-out if you'd not like to participate in this anonymous program, by visiting the following URL:
https://nextjs.org/telemetry

- Experiments (use with caution):
  ✓ inlineCss

  Creating an optimized production build ...
✓ Compiled successfully in 4.3s
  Running TypeScript ...
  Finished TypeScript in 5.3s ...
  Collecting page data using 3 workers ...
  Generating static pages using 3 workers (0/16) ...
  Generating static pages using 3 workers (4/16) 
  Generating static pages using 3 workers (8/16) 
  Generating static pages using 3 workers (12/16) 
✓ Generating static pages using 3 workers (16/16) in 508ms
  Finalizing page optimization ...

Route (app)
┌ ○ /
├ ○ /_not-found
├ ƒ /api/health
├ ƒ /api/place
├ ƒ /api/report-mail
├ ƒ /api/revalidate
├ ○ /apple-icon.png
├ ○ /checkout
├ ƒ /checkout/done
├ ○ /icon.svg
├ ○ /opengraph-image.png
├   /quiet-confidence/[color]
│ ├ ● /quiet-confidence/white
│ └ ● /quiet-confidence/burgundy
├ ○ /returns
├ ○ /robots.txt
├ ○ /sitemap.xml
└ ○ /size-guide


○  (Static)   prerendered as static content
●  (SSG)      prerendered as static HTML (uses generateStaticParams)
ƒ  (Dynamic)  server-rendered on demand

